Archive member included to satisfy reference by file (symbol)

c:/st/stm32cubeide_1.4.0/stm32cubeide/plugins/com.st.stm32cube.ide.mcu.externaltools.gnu-tools-for-stm32.7-2018-q2-update.win32_1.4.0.202007081208/tools/bin/../lib/gcc/arm-none-eabi/7.3.1/../../../../arm-none-eabi/lib/thumb/v7e-m/fpv4-sp/hard\libc_nano.a(lib_a-errno.o)
                              Core/Src/syscalls.o (__errno)
c:/st/stm32cubeide_1.4.0/stm32cubeide/plugins/com.st.stm32cube.ide.mcu.externaltools.gnu-tools-for-stm32.7-2018-q2-update.win32_1.4.0.202007081208/tools/bin/../lib/gcc/arm-none-eabi/7.3.1/../../../../arm-none-eabi/lib/thumb/v7e-m/fpv4-sp/hard\libc_nano.a(lib_a-exit.o)
                              c:/st/stm32cubeide_1.4.0/stm32cubeide/plugins/com.st.stm32cube.ide.mcu.externaltools.gnu-tools-for-stm32.7-2018-q2-update.win32_1.4.0.202007081208/tools/bin/../lib/gcc/arm-none-eabi/7.3.1/../../../../arm-none-eabi/lib/thumb/v7e-m/fpv4-sp/hard/crt0.o (exit)
c:/st/stm32cubeide_1.4.0/stm32cubeide/plugins/com.st.stm32cube.ide.mcu.externaltools.gnu-tools-for-stm32.7-2018-q2-update.win32_1.4.0.202007081208/tools/bin/../lib/gcc/arm-none-eabi/7.3.1/../../../../arm-none-eabi/lib/thumb/v7e-m/fpv4-sp/hard\libc_nano.a(lib_a-impure.o)
                              c:/st/stm32cubeide_1.4.0/stm32cubeide/plugins/com.st.stm32cube.ide.mcu.externaltools.gnu-tools-for-stm32.7-2018-q2-update.win32_1.4.0.202007081208/tools/bin/../lib/gcc/arm-none-eabi/7.3.1/../../../../arm-none-eabi/lib/thumb/v7e-m/fpv4-sp/hard\libc_nano.a(lib_a-exit.o) (_global_impure_ptr)
c:/st/stm32cubeide_1.4.0/stm32cubeide/plugins/com.st.stm32cube.ide.mcu.externaltools.gnu-tools-for-stm32.7-2018-q2-update.win32_1.4.0.202007081208/tools/bin/../lib/gcc/arm-none-eabi/7.3.1/../../../../arm-none-eabi/lib/thumb/v7e-m/fpv4-sp/hard\libc_nano.a(lib_a-init.o)
                              c:/st/stm32cubeide_1.4.0/stm32cubeide/plugins/com.st.stm32cube.ide.mcu.externaltools.gnu-tools-for-stm32.7-2018-q2-update.win32_1.4.0.202007081208/tools/bin/../lib/gcc/arm-none-eabi/7.3.1/../../../../arm-none-eabi/lib/thumb/v7e-m/fpv4-sp/hard/crt0.o (__libc_init_array)
c:/st/stm32cubeide_1.4.0/stm32cubeide/plugins/com.st.stm32cube.ide.mcu.externaltools.gnu-tools-for-stm32.7-2018-q2-update.win32_1.4.0.202007081208/tools/bin/../lib/gcc/arm-none-eabi/7.3.1/../../../../arm-none-eabi/lib/thumb/v7e-m/fpv4-sp/hard\libc_nano.a(lib_a-memset.o)
                              c:/st/stm32cubeide_1.4.0/stm32cubeide/plugins/com.st.stm32cube.ide.mcu.externaltools.gnu-tools-for-stm32.7-2018-q2-update.win32_1.4.0.202007081208/tools/bin/../lib/gcc/arm-none-eabi/7.3.1/../../../../arm-none-eabi/lib/thumb/v7e-m/fpv4-sp/hard/crt0.o (memset)

Allocating common symbols
Common symbol       size              file

expe                0x4               Core/Src/main.o
blue_mode           0x4               Core/Src/main.o

Discarded input sections

 .text          0x0000000000000000        0x0 c:/st/stm32cubeide_1.4.0/stm32cubeide/plugins/com.st.stm32cube.ide.mcu.externaltools.gnu-tools-for-stm32.7-2018-q2-update.win32_1.4.0.202007081208/tools/bin/../lib/gcc/arm-none-eabi/7.3.1/thumb/v7e-m/fpv4-sp/hard/crti.o
 .data          0x0000000000000000        0x0 c:/st/stm32cubeide_1.4.0/stm32cubeide/plugins/com.st.stm32cube.ide.mcu.externaltools.gnu-tools-for-stm32.7-2018-q2-update.win32_1.4.0.202007081208/tools/bin/../lib/gcc/arm-none-eabi/7.3.1/thumb/v7e-m/fpv4-sp/hard/crti.o
 .bss           0x0000000000000000        0x0 c:/st/stm32cubeide_1.4.0/stm32cubeide/plugins/com.st.stm32cube.ide.mcu.externaltools.gnu-tools-for-stm32.7-2018-q2-update.win32_1.4.0.202007081208/tools/bin/../lib/gcc/arm-none-eabi/7.3.1/thumb/v7e-m/fpv4-sp/hard/crti.o
 .data          0x0000000000000000        0x4 c:/st/stm32cubeide_1.4.0/stm32cubeide/plugins/com.st.stm32cube.ide.mcu.externaltools.gnu-tools-for-stm32.7-2018-q2-update.win32_1.4.0.202007081208/tools/bin/../lib/gcc/arm-none-eabi/7.3.1/thumb/v7e-m/fpv4-sp/hard/crtbegin.o
 .text          0x0000000000000000       0x74 c:/st/stm32cubeide_1.4.0/stm32cubeide/plugins/com.st.stm32cube.ide.mcu.externaltools.gnu-tools-for-stm32.7-2018-q2-update.win32_1.4.0.202007081208/tools/bin/../lib/gcc/arm-none-eabi/7.3.1/../../../../arm-none-eabi/lib/thumb/v7e-m/fpv4-sp/hard/crt0.o
 .data          0x0000000000000000        0x0 c:/st/stm32cubeide_1.4.0/stm32cubeide/plugins/com.st.stm32cube.ide.mcu.externaltools.gnu-tools-for-stm32.7-2018-q2-update.win32_1.4.0.202007081208/tools/bin/../lib/gcc/arm-none-eabi/7.3.1/../../../../arm-none-eabi/lib/thumb/v7e-m/fpv4-sp/hard/crt0.o
 .bss           0x0000000000000000        0x0 c:/st/stm32cubeide_1.4.0/stm32cubeide/plugins/com.st.stm32cube.ide.mcu.externaltools.gnu-tools-for-stm32.7-2018-q2-update.win32_1.4.0.202007081208/tools/bin/../lib/gcc/arm-none-eabi/7.3.1/../../../../arm-none-eabi/lib/thumb/v7e-m/fpv4-sp/hard/crt0.o
[...]
Memory Configuration

Name             Origin             Length             Attributes
RAM              0x0000000020000000 0x0000000000018000 xrw
RAM2             0x0000000010000000 0x0000000000008000 xrw
FLASH            0x0000000008000000 0x0000000000100000 xr
*default*        0x0000000000000000 0xffffffffffffffff

Linker script and memory map

LOAD c:/st/stm32cubeide_1.4.0/stm32cubeide/plugins/com.st.stm32cube.ide.mcu.externaltools.gnu-tools-for-stm32.7-2018-q2-update.win32_1.4.0.202007081208/tools/bin/../lib/gcc/arm-none-eabi/7.3.1/thumb/v7e-m/fpv4-sp/hard/crti.o
LOAD c:/st/stm32cubeide_1.4.0/stm32cubeide/plugins/com.st.stm32cube.ide.mcu.externaltools.gnu-tools-for-stm32.7-2018-q2-update.win32_1.4.0.202007081208/tools/bin/../lib/gcc/arm-none-eabi/7.3.1/thumb/v7e-m/fpv4-sp/hard/crtbegin.o
LOAD c:/st/stm32cubeide_1.4.0/stm32cubeide/plugins/com.st.stm32cube.ide.mcu.externaltools.gnu-tools-for-stm32.7-2018-q2-update.win32_1.4.0.202007081208/tools/bin/../lib/gcc/arm-none-eabi/7.3.1/../../../../arm-none-eabi/lib/thumb/v7e-m/fpv4-sp/hard/crt0.o
LOAD Core/Src/main.o
LOAD Core/Src/stm32l4xx_it.o
LOAD Core/Src/syscalls.o
LOAD Core/Src/sysmem.o
LOAD Core/Src/system_stm32l4xx.o
LOAD Core/Startup/startup_stm32l476rgtx.o
LOAD Drivers/STM32L4xx_HAL_Driver/Src/stm32l4xx_ll_exti.o
LOAD Drivers/STM32L4xx_HAL_Driver/Src/stm32l4xx_ll_gpio.o
LOAD Drivers/STM32L4xx_HAL_Driver/Src/stm32l4xx_ll_pwr.o
LOAD Drivers/STM32L4xx_HAL_Driver/Src/stm32l4xx_ll_rtc.o
LOAD Drivers/STM32L4xx_HAL_Driver/Src/stm32l4xx_ll_utils.o
START GROUP
LOAD c:/st/stm32cubeide_1.4.0/stm32cubeide/plugins/com.st.stm32cube.ide.mcu.externaltools.gnu-tools-for-stm32.7-2018-q2-update.win32_1.4.0.202007081208/tools/bin/../lib/gcc/arm-none-eabi/7.3.1/../../../../arm-none-eabi/lib/thumb/v7e-m/fpv4-sp/hard\libc_nano.a
LOAD c:/st/stm32cubeide_1.4.0/stm32cubeide/plugins/com.st.stm32cube.ide.mcu.externaltools.gnu-tools-for-stm32.7-2018-q2-update.win32_1.4.0.202007081208/tools/bin/../lib/gcc/arm-none-eabi/7.3.1/../../../../arm-none-eabi/lib/thumb/v7e-m/fpv4-sp/hard\libm.a
END GROUP
START GROUP
LOAD c:/st/stm32cubeide_1.4.0/stm32cubeide/plugins/com.st.stm32cube.ide.mcu.externaltools.gnu-tools-for-stm32.7-2018-q2-update.win32_1.4.0.202007081208/tools/bin/../lib/gcc/arm-none-eabi/7.3.1/thumb/v7e-m/fpv4-sp/hard\libgcc.a
LOAD c:/st/stm32cubeide_1.4.0/stm32cubeide/plugins/com.st.stm32cube.ide.mcu.externaltools.gnu-tools-for-stm32.7-2018-q2-update.win32_1.4.0.202007081208/tools/bin/../lib/gcc/arm-none-eabi/7.3.1/../../../../arm-none-eabi/lib/thumb/v7e-m/fpv4-sp/hard\libc_nano.a
END GROUP
START GROUP
LOAD c:/st/stm32cubeide_1.4.0/stm32cubeide/plugins/com.st.stm32cube.ide.mcu.externaltools.gnu-tools-for-stm32.7-2018-q2-update.win32_1.4.0.202007081208/tools/bin/../lib/gcc/arm-none-eabi/7.3.1/thumb/v7e-m/fpv4-sp/hard\libgcc.a
LOAD c:/st/stm32cubeide_1.4.0/stm32cubeide/plugins/com.st.stm32cube.ide.mcu.externaltools.gnu-tools-for-stm32.7-2018-q2-update.win32_1.4.0.202007081208/tools/bin/../lib/gcc/arm-none-eabi/7.3.1/../../../../arm-none-eabi/lib/thumb/v7e-m/fpv4-sp/hard\libc_nano.a
LOAD c:/st/stm32cubeide_1.4.0/stm32cubeide/plugins/com.st.stm32cube.ide.mcu.externaltools.gnu-tools-for-stm32.7-2018-q2-update.win32_1.4.0.202007081208/tools/bin/../lib/gcc/arm-none-eabi/7.3.1/../../../../arm-none-eabi/lib/thumb/v7e-m/fpv4-sp/hard\libnosys.a
END GROUP
START GROUP
LOAD c:/st/stm32cubeide_1.4.0/stm32cubeide/plugins/com.st.stm32cube.ide.mcu.externaltools.gnu-tools-for-stm32.7-2018-q2-update.win32_1.4.0.202007081208/tools/bin/../lib/gcc/arm-none-eabi/7.3.1/thumb/v7e-m/fpv4-sp/hard\libgcc.a
LOAD c:/st/stm32cubeide_1.4.0/stm32cubeide/plugins/com.st.stm32cube.ide.mcu.externaltools.gnu-tools-for-stm32.7-2018-q2-update.win32_1.4.0.202007081208/tools/bin/../lib/gcc/arm-none-eabi/7.3.1/../../../../arm-none-eabi/lib/thumb/v7e-m/fpv4-sp/hard\libc_nano.a
LOAD c:/st/stm32cubeide_1.4.0/stm32cubeide/plugins/com.st.stm32cube.ide.mcu.externaltools.gnu-tools-for-stm32.7-2018-q2-update.win32_1.4.0.202007081208/tools/bin/../lib/gcc/arm-none-eabi/7.3.1/../../../../arm-none-eabi/lib/thumb/v7e-m/fpv4-sp/hard\libnosys.a
END GROUP
LOAD c:/st/stm32cubeide_1.4.0/stm32cubeide/plugins/com.st.stm32cube.ide.mcu.externaltools.gnu-tools-for-stm32.7-2018-q2-update.win32_1.4.0.202007081208/tools/bin/../lib/gcc/arm-none-eabi/7.3.1/thumb/v7e-m/fpv4-sp/hard/crtend.o
LOAD c:/st/stm32cubeide_1.4.0/stm32cubeide/plugins/com.st.stm32cube.ide.mcu.externaltools.gnu-tools-for-stm32.7-2018-q2-update.win32_1.4.0.202007081208/tools/bin/../lib/gcc/arm-none-eabi/7.3.1/thumb/v7e-m/fpv4-sp/hard/crtn.o
                0x0000000020018000                _estack = (ORIGIN (RAM) + LENGTH (RAM))
                0x0000000000000200                _Min_Heap_Size = 0x200
                0x0000000000000400                _Min_Stack_Size = 0x400

.isr_vector     0x0000000008000000      0x188
                0x0000000008000000                . = ALIGN (0x4)
 *(.isr_vector)
 .isr_vector    0x0000000008000000      0x188 Core/Startup/startup_stm32l476rgtx.o
                0x0000000008000000                g_pfnVectors
                0x0000000008000188                . = ALIGN (0x4)

.text           0x0000000008000188     0x1860
                0x0000000008000188                . = ALIGN (0x4)
 *(.text)
 .text          0x0000000008000188       0x40 c:/st/stm32cubeide_1.4.0/stm32cubeide/plugins/com.st.stm32cube.ide.mcu.externaltools.gnu-tools-for-stm32.7-2018-q2-update.win32_1.4.0.202007081208/tools/bin/../lib/gcc/arm-none-eabi/7.3.1/thumb/v7e-m/fpv4-sp/hard/crtbegin.o
 *(.text*)
 .text.__NVIC_SetPriorityGrouping
                0x00000000080001c8       0x48 Core/Src/main.o
 .text.__NVIC_EnableIRQ
                0x0000000008000210       0x3c Core/Src/main.o
 .text.__NVIC_SetPriority
                0x000000000800024c       0x54 Core/Src/main.o
 .text.LL_RCC_LSE_Enable
                0x00000000080002a0       0x24 Core/Src/main.o
 .text.LL_RCC_LSE_IsReady
                0x00000000080002c4       0x28 Core/Src/main.o
 .text.LL_RCC_LSI_Enable
                0x00000000080002ec       0x24 Core/Src/main.o
 .text.LL_RCC_MSI_Enable
                0x0000000008000310       0x20 Core/Src/main.o
 .text.LL_RCC_MSI_IsReady
                0x0000000008000330       0x24 Core/Src/main.o
 .text.LL_RCC_MSI_EnablePLLMode
                0x0000000008000354       0x20 Core/Src/main.o
 .text.LL_RCC_MSI_EnableRangeSelection
                0x0000000008000374       0x20 Core/Src/main.o
 .text.LL_RCC_MSI_SetRange
                0x0000000008000394       0x28 Core/Src/main.o
 .text.LL_RCC_MSI_SetCalibTrimming
                0x00000000080003bc       0x2c Core/Src/main.o
 .text.LL_RCC_SetSysClkSource
                0x00000000080003e8       0x28 Core/Src/main.o
 .text.LL_RCC_GetSysClkSource
                0x0000000008000410       0x1c Core/Src/main.o
 .text.LL_RCC_SetAHBPrescaler
                0x000000000800042c       0x28 Core/Src/main.o
 .text.LL_RCC_SetAPB1Prescaler
                0x0000000008000454       0x28 Core/Src/main.o
 .text.LL_RCC_SetAPB2Prescaler
                0x000000000800047c       0x28 Core/Src/main.o
 .text.LL_RCC_SetRTCClockSource
                0x00000000080004a4       0x2c Core/Src/main.o
 .text.LL_RCC_EnableRTC
                0x00000000080004d0       0x24 Core/Src/main.o
 .text.LL_RCC_ForceBackupDomainReset
                0x00000000080004f4       0x24 Core/Src/main.o
 .text.LL_RCC_ReleaseBackupDomainReset
                0x0000000008000518       0x24 Core/Src/main.o
 .text.LL_RCC_PLL_Enable
                0x000000000800053c       0x20 Core/Src/main.o
 .text.LL_RCC_PLL_IsReady
                0x000000000800055c       0x28 Core/Src/main.o
 .text.LL_RCC_PLL_ConfigDomain_SYS
                0x0000000008000584       0x40 Core/Src/main.o
 .text.LL_RCC_PLL_EnableDomain_SYS
                0x00000000080005c4       0x20 Core/Src/main.o
 .text.LL_AHB2_GRP1_EnableClock
                0x00000000080005e4       0x30 Core/Src/main.o
 .text.LL_APB1_GRP1_EnableClock
                0x0000000008000614       0x30 Core/Src/main.o
 .text.LL_APB2_GRP1_EnableClock
                0x0000000008000644       0x30 Core/Src/main.o
 .text.LL_FLASH_SetLatency
                0x0000000008000674       0x28 Core/Src/main.o
 .text.LL_FLASH_GetLatency
                0x000000000800069c       0x1c Core/Src/main.o
 .text.LL_EXTI_EnableIT_0_31
                0x00000000080006b8       0x24 Core/Src/main.o
 .text.LL_EXTI_EnableRisingTrig_0_31
                0x00000000080006dc       0x24 Core/Src/main.o
 .text.LL_EXTI_ClearFlag_0_31
                0x0000000008000700       0x20 Core/Src/main.o
 .text.LL_SYSTICK_SetClkSource
                0x0000000008000720       0x38 Core/Src/main.o
 .text.LL_SYSTICK_EnableIT
                0x0000000008000758       0x20 Core/Src/main.o
 .text.LL_LPM_EnableSleep
                0x0000000008000778       0x20 Core/Src/main.o
 .text.LL_LPM_EnableDeepSleep
                0x0000000008000798       0x20 Core/Src/main.o
 .text.LL_PWR_SetRegulVoltageScaling
                0x00000000080007b8       0x28 Core/Src/main.o
 .text.LL_PWR_EnableBkUpAccess
                0x00000000080007e0       0x20 Core/Src/main.o
 .text.LL_PWR_SetPowerMode
                0x0000000008000800       0x28 Core/Src/main.o
 .text.LL_PWR_EnableInternWU
                0x0000000008000828       0x20 Core/Src/main.o
 .text.LL_RTC_EnableInitMode
                0x0000000008000848       0x1c Core/Src/main.o
 .text.LL_RTC_EnableWriteProtection
                0x0000000008000864       0x1a Core/Src/main.o
 .text.LL_RTC_DisableWriteProtection
                0x000000000800087e       0x20 Core/Src/main.o
 .text.LL_RTC_WAKEUP_Enable
                0x000000000800089e       0x20 Core/Src/main.o
 .text.LL_RTC_WAKEUP_Disable
                0x00000000080008be       0x20 Core/Src/main.o
 .text.LL_RTC_WAKEUP_SetClock
                0x00000000080008de       0x26 Core/Src/main.o
 .text.LL_RTC_WAKEUP_SetAutoReload
                0x0000000008000904       0x26 Core/Src/main.o
 .text.LL_RTC_BAK_SetRegister
                0x000000000800092a       0x32 Core/Src/main.o
 .text.LL_RTC_BAK_GetRegister
                0x000000000800095c       0x2e Core/Src/main.o
 .text.LL_RTC_ClearFlag_WUT
                0x000000000800098a       0x22 Core/Src/main.o
 .text.LL_RTC_IsActiveFlag_WUTW
                0x00000000080009ac       0x26 Core/Src/main.o
 .text.LL_RTC_EnableIT_WUT
                0x00000000080009d2       0x20 Core/Src/main.o
 .text.LL_GPIO_IsInputPinSet
                0x00000000080009f2       0x2a Core/Src/main.o
 .text.LL_GPIO_SetOutputPin
                0x0000000008000a1c       0x1c Core/Src/main.o
 .text.LL_GPIO_ResetOutputPin
                0x0000000008000a38       0x1c Core/Src/main.o
 .text.LL_GPIO_TogglePin
                0x0000000008000a54       0x32 Core/Src/main.o
 *fill*         0x0000000008000a86        0x2 
 .text.main     0x0000000008000a88      0x4b8 Core/Src/main.o
                0x0000000008000a88                main
 .text.Config_Experience_1
                0x0000000008000f40       0x98 Core/Src/main.o
                0x0000000008000f40                Config_Experience_1
 .text.RTC_WKUP_IRQHandler
                0x0000000008000fd8       0x10 Core/Src/main.o
                0x0000000008000fd8                RTC_WKUP_IRQHandler
 .text.Systick_Init_Exp1
                0x0000000008000fe8       0x4c Core/Src/main.o
                0x0000000008000fe8                Systick_Init_Exp1
 .text.Systick_Init_24MHz
                0x0000000008001034       0x44 Core/Src/main.o
                0x0000000008001034                Systick_Init_24MHz
 .text.RTC_wakeup_init
                0x0000000008001078       0x58 Core/Src/main.o
 .text.RTC_wakeup_init_from_stop
                0x00000000080010d0       0x34 Core/Src/main.o
                0x00000000080010d0                RTC_wakeup_init_from_stop
 .text.SystemClock_Config
                0x0000000008001104       0x8c Core/Src/main.o
                0x0000000008001104                SystemClock_Config
 .text.MX_RTC_Init
                0x0000000008001190       0x38 Core/Src/main.o
 .text.MX_GPIO_Init
                0x00000000080011c8       0x90 Core/Src/main.o
 .text.RTC_wakeup_init_from_standby_or_shutdown
                0x0000000008001258       0x1a Core/Src/main.o
                0x0000000008001258                RTC_wakeup_init_from_standby_or_shutdown
 .text.NMI_Handler
                0x0000000008001272        0xe Core/Src/stm32l4xx_it.o
                0x0000000008001272                NMI_Handler
 .text.HardFault_Handler
                0x0000000008001280        0x6 Core/Src/stm32l4xx_it.o
                0x0000000008001280                HardFault_Handler
 .text.MemManage_Handler
                0x0000000008001286        0x6 Core/Src/stm32l4xx_it.o
                0x0000000008001286                MemManage_Handler
 .text.BusFault_Handler
                0x000000000800128c        0x6 Core/Src/stm32l4xx_it.o
                0x000000000800128c                BusFault_Handler
 .text.UsageFault_Handler
                0x0000000008001292        0x6 Core/Src/stm32l4xx_it.o
                0x0000000008001292                UsageFault_Handler
 .text.SVC_Handler
                0x0000000008001298        0xe Core/Src/stm32l4xx_it.o
                0x0000000008001298                SVC_Handler
 .text.DebugMon_Handler
                0x00000000080012a6        0xe Core/Src/stm32l4xx_it.o
                0x00000000080012a6                DebugMon_Handler
 .text.PendSV_Handler
                0x00000000080012b4        0xe Core/Src/stm32l4xx_it.o
                0x00000000080012b4                PendSV_Handler
 *fill*         0x00000000080012c2        0x2 
 .text.SysTick_Handler
                0x00000000080012c4       0x18 Core/Src/stm32l4xx_it.o
                0x00000000080012c4                SysTick_Handler
 .text.SystemInit
                0x00000000080012dc       0x6c Core/Src/system_stm32l4xx.o
                0x00000000080012dc                SystemInit
 .text.Reset_Handler
                0x0000000008001348       0x50 Core/Startup/startup_stm32l476rgtx.o
                0x0000000008001348                Reset_Handler
 .text.Default_Handler
                0x0000000008001398        0x2 Core/Startup/startup_stm32l476rgtx.o
                0x0000000008001398                RTC_Alarm_IRQHandler
                0x0000000008001398                EXTI2_IRQHandler
                0x0000000008001398                TIM8_TRG_COM_IRQHandler
                0x0000000008001398                TIM8_CC_IRQHandler
                0x0000000008001398                TIM1_CC_IRQHandler
                0x0000000008001398                TSC_IRQHandler
                0x0000000008001398                TAMP_STAMP_IRQHandler
                0x0000000008001398                EXTI3_IRQHandler
                0x0000000008001398                LPTIM2_IRQHandler
                0x0000000008001398                DFSDM1_FLT1_IRQHandler
                0x0000000008001398                I2C3_ER_IRQHandler
                0x0000000008001398                DFSDM1_FLT2_IRQHandler
                0x0000000008001398                EXTI0_IRQHandler
                0x0000000008001398                I2C2_EV_IRQHandler
                0x0000000008001398                CAN1_RX0_IRQHandler
                0x0000000008001398                FPU_IRQHandler
                0x0000000008001398                TIM1_UP_TIM16_IRQHandler
                0x0000000008001398                ADC1_2_IRQHandler
                0x0000000008001398                SPI1_IRQHandler
                0x0000000008001398                TIM6_DAC_IRQHandler
                0x0000000008001398                TIM8_UP_IRQHandler
                0x0000000008001398                DMA2_Channel2_IRQHandler
                0x0000000008001398                DMA1_Channel4_IRQHandler
                0x0000000008001398                SAI2_IRQHandler
                0x0000000008001398                DFSDM1_FLT3_IRQHandler
                0x0000000008001398                USART3_IRQHandler
                0x0000000008001398                DMA1_Channel7_IRQHandler
                0x0000000008001398                CAN1_RX1_IRQHandler
                0x0000000008001398                LCD_IRQHandler
                0x0000000008001398                UART5_IRQHandler
                0x0000000008001398                ADC3_IRQHandler
                0x0000000008001398                TIM4_IRQHandler
                0x0000000008001398                DMA2_Channel1_IRQHandler
                0x0000000008001398                QUADSPI_IRQHandler
                0x0000000008001398                I2C1_EV_IRQHandler
                0x0000000008001398                DMA1_Channel6_IRQHandler
                0x0000000008001398                UART4_IRQHandler
                0x0000000008001398                DMA2_Channel4_IRQHandler
                0x0000000008001398                TIM3_IRQHandler
                0x0000000008001398                RCC_IRQHandler
                0x0000000008001398                DMA1_Channel1_IRQHandler
                0x0000000008001398                Default_Handler
                0x0000000008001398                DMA2_Channel7_IRQHandler
                0x0000000008001398                EXTI15_10_IRQHandler
                0x0000000008001398                TIM7_IRQHandler
                0x0000000008001398                SDMMC1_IRQHandler
                0x0000000008001398                TIM5_IRQHandler
                0x0000000008001398                I2C3_EV_IRQHandler
                0x0000000008001398                EXTI9_5_IRQHandler
                0x0000000008001398                PVD_PVM_IRQHandler
                0x0000000008001398                SPI2_IRQHandler
                0x0000000008001398                CAN1_TX_IRQHandler
                0x0000000008001398                DMA2_Channel5_IRQHandler
                0x0000000008001398                DMA1_Channel5_IRQHandler
                0x0000000008001398                EXTI4_IRQHandler
                0x0000000008001398                RNG_IRQHandler
                0x0000000008001398                TIM1_TRG_COM_TIM17_IRQHandler
                0x0000000008001398                DMA1_Channel3_IRQHandler
                0x0000000008001398                COMP_IRQHandler
                0x0000000008001398                WWDG_IRQHandler
                0x0000000008001398                LPUART1_IRQHandler
                0x0000000008001398                DMA2_Channel6_IRQHandler
                0x0000000008001398                TIM2_IRQHandler
                0x0000000008001398                EXTI1_IRQHandler
                0x0000000008001398                USART2_IRQHandler
                0x0000000008001398                DFSDM1_FLT0_IRQHandler
                0x0000000008001398                I2C2_ER_IRQHandler
                0x0000000008001398                DMA1_Channel2_IRQHandler
                0x0000000008001398                TIM8_BRK_IRQHandler
                0x0000000008001398                CAN1_SCE_IRQHandler
                0x0000000008001398                FLASH_IRQHandler
                0x0000000008001398                USART1_IRQHandler
                0x0000000008001398                OTG_FS_IRQHandler
                0x0000000008001398                SPI3_IRQHandler
                0x0000000008001398                I2C1_ER_IRQHandler
                0x0000000008001398                FMC_IRQHandler
                0x0000000008001398                SWPMI1_IRQHandler
                0x0000000008001398                LPTIM1_IRQHandler
                0x0000000008001398                SAI1_IRQHandler
                0x0000000008001398                DMA2_Channel3_IRQHandler
                0x0000000008001398                TIM1_BRK_TIM15_IRQHandler
 .text.LL_GPIO_SetPinMode
                0x000000000800139a       0x7a Drivers/STM32L4xx_HAL_Driver/Src/stm32l4xx_ll_gpio.o
 .text.LL_GPIO_SetPinOutputType
                0x0000000008001414       0x30 Drivers/STM32L4xx_HAL_Driver/Src/stm32l4xx_ll_gpio.o
 .text.LL_GPIO_SetPinSpeed
                0x0000000008001444       0x7a Drivers/STM32L4xx_HAL_Driver/Src/stm32l4xx_ll_gpio.o
 .text.LL_GPIO_SetPinPull
                0x00000000080014be       0x7a Drivers/STM32L4xx_HAL_Driver/Src/stm32l4xx_ll_gpio.o
 .text.LL_GPIO_SetAFPin_0_7
                0x0000000008001538       0x7a Drivers/STM32L4xx_HAL_Driver/Src/stm32l4xx_ll_gpio.o
 .text.LL_GPIO_SetAFPin_8_15
                0x00000000080015b2       0x7e Drivers/STM32L4xx_HAL_Driver/Src/stm32l4xx_ll_gpio.o
 .text.LL_GPIO_Init
                0x0000000008001630       0xec Drivers/STM32L4xx_HAL_Driver/Src/stm32l4xx_ll_gpio.o
                0x0000000008001630                LL_GPIO_Init
 .text.LL_RTC_SetHourFormat
                0x000000000800171c       0x26 Drivers/STM32L4xx_HAL_Driver/Src/stm32l4xx_ll_rtc.o
 .text.LL_RTC_EnableInitMode
                0x0000000008001742       0x1c Drivers/STM32L4xx_HAL_Driver/Src/stm32l4xx_ll_rtc.o
 .text.LL_RTC_DisableInitMode
                0x000000000800175e       0x1c Drivers/STM32L4xx_HAL_Driver/Src/stm32l4xx_ll_rtc.o
 .text.LL_RTC_SetAsynchPrescaler
                0x000000000800177a       0x28 Drivers/STM32L4xx_HAL_Driver/Src/stm32l4xx_ll_rtc.o
 .text.LL_RTC_SetSynchPrescaler
                0x00000000080017a2       0x2a Drivers/STM32L4xx_HAL_Driver/Src/stm32l4xx_ll_rtc.o
 .text.LL_RTC_EnableWriteProtection
                0x00000000080017cc       0x1a Drivers/STM32L4xx_HAL_Driver/Src/stm32l4xx_ll_rtc.o
 .text.LL_RTC_DisableWriteProtection
                0x00000000080017e6       0x20 Drivers/STM32L4xx_HAL_Driver/Src/stm32l4xx_ll_rtc.o
 .text.LL_RTC_IsActiveFlag_INIT
                0x0000000008001806       0x26 Drivers/STM32L4xx_HAL_Driver/Src/stm32l4xx_ll_rtc.o
 .text.LL_SYSTICK_IsActiveCounterFlag
                0x000000000800182c       0x28 Drivers/STM32L4xx_HAL_Driver/Src/stm32l4xx_ll_rtc.o
 .text.LL_RTC_Init
                0x0000000008001854       0x5e Drivers/STM32L4xx_HAL_Driver/Src/stm32l4xx_ll_rtc.o
                0x0000000008001854                LL_RTC_Init
 .text.LL_RTC_EnterInitMode
                0x00000000080018b2       0x66 Drivers/STM32L4xx_HAL_Driver/Src/stm32l4xx_ll_rtc.o
                0x00000000080018b2                LL_RTC_EnterInitMode
 .text.LL_InitTick
                0x0000000008001918       0x34 Drivers/STM32L4xx_HAL_Driver/Src/stm32l4xx_ll_utils.o
 .text.LL_Init1msTick
                0x000000000800194c       0x1a Drivers/STM32L4xx_HAL_Driver/Src/stm32l4xx_ll_utils.o
                0x000000000800194c                LL_Init1msTick
 *fill*         0x0000000008001966        0x2 
 .text.LL_SetSystemCoreClock
                0x0000000008001968       0x20 Drivers/STM32L4xx_HAL_Driver/Src/stm32l4xx_ll_utils.o
                0x0000000008001968                LL_SetSystemCoreClock
 .text.__libc_init_array
                0x0000000008001988       0x48 c:/st/stm32cubeide_1.4.0/stm32cubeide/plugins/com.st.stm32cube.ide.mcu.externaltools.gnu-tools-for-stm32.7-2018-q2-update.win32_1.4.0.202007081208/tools/bin/../lib/gcc/arm-none-eabi/7.3.1/../../../../arm-none-eabi/lib/thumb/v7e-m/fpv4-sp/hard\libc_nano.a(lib_a-init.o)
                0x0000000008001988                __libc_init_array
 *(.glue_7)
 .glue_7        0x00000000080019d0        0x0 linker stubs
 *(.glue_7t)
 .glue_7t       0x00000000080019d0        0x0 linker stubs
 *(.eh_frame)
 .eh_frame      0x00000000080019d0        0x0 c:/st/stm32cubeide_1.4.0/stm32cubeide/plugins/com.st.stm32cube.ide.mcu.externaltools.gnu-tools-for-stm32.7-2018-q2-update.win32_1.4.0.202007081208/tools/bin/../lib/gcc/arm-none-eabi/7.3.1/thumb/v7e-m/fpv4-sp/hard/crtbegin.o
 *(.init)
 .init          0x00000000080019d0        0x4 c:/st/stm32cubeide_1.4.0/stm32cubeide/plugins/com.st.stm32cube.ide.mcu.externaltools.gnu-tools-for-stm32.7-2018-q2-update.win32_1.4.0.202007081208/tools/bin/../lib/gcc/arm-none-eabi/7.3.1/thumb/v7e-m/fpv4-sp/hard/crti.o
                0x00000000080019d0                _init
 .init          0x00000000080019d4        0x8 c:/st/stm32cubeide_1.4.0/stm32cubeide/plugins/com.st.stm32cube.ide.mcu.externaltools.gnu-tools-for-stm32.7-2018-q2-update.win32_1.4.0.202007081208/tools/bin/../lib/gcc/arm-none-eabi/7.3.1/thumb/v7e-m/fpv4-sp/hard/crtn.o
 *(.fini)
 .fini          0x00000000080019dc        0x4 c:/st/stm32cubeide_1.4.0/stm32cubeide/plugins/com.st.stm32cube.ide.mcu.externaltools.gnu-tools-for-stm32.7-2018-q2-update.win32_1.4.0.202007081208/tools/bin/../lib/gcc/arm-none-eabi/7.3.1/thumb/v7e-m/fpv4-sp/hard/crti.o
                0x00000000080019dc                _fini
 .fini          0x00000000080019e0        0x8 c:/st/stm32cubeide_1.4.0/stm32cubeide/plugins/com.st.stm32cube.ide.mcu.externaltools.gnu-tools-for-stm32.7-2018-q2-update.win32_1.4.0.202007081208/tools/bin/../lib/gcc/arm-none-eabi/7.3.1/thumb/v7e-m/fpv4-sp/hard/crtn.o
                0x00000000080019e8                . = ALIGN (0x4)
                0x00000000080019e8                _etext = .

.vfp11_veneer   0x00000000080019e8        0x0
 .vfp11_veneer  0x00000000080019e8        0x0 linker stubs

.v4_bx          0x00000000080019e8        0x0
 .v4_bx         0x00000000080019e8        0x0 linker stubs

.iplt           0x00000000080019e8        0x0
 .iplt          0x00000000080019e8        0x0 c:/st/stm32cubeide_1.4.0/stm32cubeide/plugins/com.st.stm32cube.ide.mcu.externaltools.gnu-tools-for-stm32.7-2018-q2-update.win32_1.4.0.202007081208/tools/bin/../lib/gcc/arm-none-eabi/7.3.1/thumb/v7e-m/fpv4-sp/hard/crtbegin.o

.rel.dyn        0x00000000080019e8        0x0
 .rel.iplt      0x00000000080019e8        0x0 c:/st/stm32cubeide_1.4.0/stm32cubeide/plugins/com.st.stm32cube.ide.mcu.externaltools.gnu-tools-for-stm32.7-2018-q2-update.win32_1.4.0.202007081208/tools/bin/../lib/gcc/arm-none-eabi/7.3.1/thumb/v7e-m/fpv4-sp/hard/crtbegin.o

.rodata         0x00000000080019e8        0x0
                0x00000000080019e8                . = ALIGN (0x4)
 *(.rodata)
 *(.rodata*)
                0x00000000080019e8                . = ALIGN (0x4)

.ARM.extab      0x00000000080019e8        0x0
                0x00000000080019e8                . = ALIGN (0x4)
 *(.ARM.extab* .gnu.linkonce.armextab.*)
                0x00000000080019e8                . = ALIGN (0x4)

.ARM            0x00000000080019e8        0x0
                0x00000000080019e8                . = ALIGN (0x4)
                0x00000000080019e8                __exidx_start = .
 *(.ARM.exidx*)
                0x00000000080019e8                __exidx_end = .
                0x00000000080019e8                . = ALIGN (0x4)

.preinit_array  0x00000000080019e8        0x0
                0x00000000080019e8                . = ALIGN (0x4)
                0x00000000080019e8                PROVIDE (__preinit_array_start = .)
 *(.preinit_array*)
                0x00000000080019e8                PROVIDE (__preinit_array_end = .)
                0x00000000080019e8                . = ALIGN (0x4)

.init_array     0x00000000080019e8        0x4
                0x00000000080019e8                . = ALIGN (0x4)
                0x00000000080019e8                PROVIDE (__init_array_start = .)
 *(SORT_BY_NAME(.init_array.*))
 *(.init_array*)
 .init_array    0x00000000080019e8        0x4 c:/st/stm32cubeide_1.4.0/stm32cubeide/plugins/com.st.stm32cube.ide.mcu.externaltools.gnu-tools-for-stm32.7-2018-q2-update.win32_1.4.0.202007081208/tools/bin/../lib/gcc/arm-none-eabi/7.3.1/thumb/v7e-m/fpv4-sp/hard/crtbegin.o
                0x00000000080019ec                PROVIDE (__init_array_end = .)
                0x00000000080019ec                . = ALIGN (0x4)

.fini_array     0x00000000080019ec        0x4
                0x00000000080019ec                . = ALIGN (0x4)
                [!provide]                        PROVIDE (__fini_array_start = .)
 *(SORT_BY_NAME(.fini_array.*))
 *(.fini_array*)
 .fini_array    0x00000000080019ec        0x4 c:/st/stm32cubeide_1.4.0/stm32cubeide/plugins/com.st.stm32cube.ide.mcu.externaltools.gnu-tools-for-stm32.7-2018-q2-update.win32_1.4.0.202007081208/tools/bin/../lib/gcc/arm-none-eabi/7.3.1/thumb/v7e-m/fpv4-sp/hard/crtbegin.o
                [!provide]                        PROVIDE (__fini_array_end = .)
                0x00000000080019f0                . = ALIGN (0x4)
                0x00000000080019f0                _sidata = LOADADDR (.data)

.data           0x0000000020000000        0x4 load address 0x00000000080019f0
                0x0000000020000000                . = ALIGN (0x4)
                0x0000000020000000                _sdata = .
 *(.data)
 *(.data*)
 .data.SystemCoreClock
                0x0000000020000000        0x4 Core/Src/system_stm32l4xx.o
                0x0000000020000000                SystemCoreClock
                0x0000000020000004                . = ALIGN (0x4)
                0x0000000020000004                _edata = .

.igot.plt       0x0000000020000004        0x0 load address 0x00000000080019f4
 .igot.plt      0x0000000020000004        0x0 c:/st/stm32cubeide_1.4.0/stm32cubeide/plugins/com.st.stm32cube.ide.mcu.externaltools.gnu-tools-for-stm32.7-2018-q2-update.win32_1.4.0.202007081208/tools/bin/../lib/gcc/arm-none-eabi/7.3.1/thumb/v7e-m/fpv4-sp/hard/crtbegin.o
                0x0000000020000004                . = ALIGN (0x4)

.bss            0x0000000020000004       0x28 load address 0x00000000080019f4
                0x0000000020000004                _sbss = .
                0x0000000020000004                __bss_start__ = _sbss
 *(.bss)
 .bss           0x0000000020000004       0x1c c:/st/stm32cubeide_1.4.0/stm32cubeide/plugins/com.st.stm32cube.ide.mcu.externaltools.gnu-tools-for-stm32.7-2018-q2-update.win32_1.4.0.202007081208/tools/bin/../lib/gcc/arm-none-eabi/7.3.1/thumb/v7e-m/fpv4-sp/hard/crtbegin.o
 *(.bss*)
 .bss.Interruption_Systick
                0x0000000020000020        0x4 Core/Src/main.o
                0x0000000020000020                Interruption_Systick
 *(COMMON)
 COMMON         0x0000000020000024        0x8 Core/Src/main.o
                0x0000000020000024                expe
                0x0000000020000028                blue_mode
                0x000000002000002c                . = ALIGN (0x4)
                0x000000002000002c                _ebss = .
                0x000000002000002c                __bss_end__ = _ebss

._user_heap_stack
                0x000000002000002c      0x604 load address 0x00000000080019f4
                0x0000000020000030                . = ALIGN (0x8)
 *fill*         0x000000002000002c        0x4 
                [!provide]                        PROVIDE (end = .)
                0x0000000020000030                PROVIDE (_end = .)
                0x0000000020000230                . = (. + _Min_Heap_Size)
 *fill*         0x0000000020000030      0x200 
                0x0000000020000630                . = (. + _Min_Stack_Size)
 *fill*         0x0000000020000230      0x400 
                0x0000000020000630                . = ALIGN (0x8)

/DISCARD/
 libc.a(*)
 libm.a(*)
 libgcc.a(*)

.ARM.attributes
                0x0000000000000000       0x30
 *(.ARM.attributes)
 .ARM.attributes
                0x0000000000000000       0x22 c:/st/stm32cubeide_1.4.0/stm32cubeide/plugins/com.st.stm32cube.ide.mcu.externaltools.gnu-tools-for-stm32.7-2018-q2-update.win32_1.4.0.202007081208/tools/bin/../lib/gcc/arm-none-eabi/7.3.1/thumb/v7e-m/fpv4-sp/hard/crti.o
 .ARM.attributes
                0x0000000000000022       0x34 c:/st/stm32cubeide_1.4.0/stm32cubeide/plugins/com.st.stm32cube.ide.mcu.externaltools.gnu-tools-for-stm32.7-2018-q2-update.win32_1.4.0.202007081208/tools/bin/../lib/gcc/arm-none-eabi/7.3.1/thumb/v7e-m/fpv4-sp/hard/crtbegin.o
 .ARM.attributes
                0x0000000000000056       0x39 Core/Src/main.o
 .ARM.attributes
                0x000000000000008f       0x39 Core/Src/stm32l4xx_it.o
 .ARM.attributes
                0x00000000000000c8       0x39 Core/Src/system_stm32l4xx.o
 .ARM.attributes
                0x0000000000000101       0x21 Core/Startup/startup_stm32l476rgtx.o
 .ARM.attributes
                0x0000000000000122       0x39 Drivers/STM32L4xx_HAL_Driver/Src/stm32l4xx_ll_gpio.o
 .ARM.attributes
                0x000000000000015b       0x39 Drivers/STM32L4xx_HAL_Driver/Src/stm32l4xx_ll_rtc.o
 .ARM.attributes
                0x0000000000000194       0x39 Drivers/STM32L4xx_HAL_Driver/Src/stm32l4xx_ll_utils.o
 .ARM.attributes
                0x00000000000001cd       0x34 c:/st/stm32cubeide_1.4.0/stm32cubeide/plugins/com.st.stm32cube.ide.mcu.externaltools.gnu-tools-for-stm32.7-2018-q2-update.win32_1.4.0.202007081208/tools/bin/../lib/gcc/arm-none-eabi/7.3.1/../../../../arm-none-eabi/lib/thumb/v7e-m/fpv4-sp/hard\libc_nano.a(lib_a-init.o)
 .ARM.attributes
                0x0000000000000201       0x22 c:/st/stm32cubeide_1.4.0/stm32cubeide/plugins/com.st.stm32cube.ide.mcu.externaltools.gnu-tools-for-stm32.7-2018-q2-update.win32_1.4.0.202007081208/tools/bin/../lib/gcc/arm-none-eabi/7.3.1/thumb/v7e-m/fpv4-sp/hard/crtn.o
OUTPUT(Experience2_Laura_Sophie.elf elf32-littlearm)

.debug_info     0x0000000000000000     0x46df
 .debug_info    0x0000000000000000     0x19b2 Core/Src/main.o
 .debug_info    0x00000000000019b2      0x22a Core/Src/stm32l4xx_it.o
 .debug_info    0x0000000000001bdc      0x5b4 Core/Src/system_stm32l4xx.o
 .debug_info    0x0000000000002190       0x22 Core/Startup/startup_stm32l476rgtx.o
 .debug_info    0x00000000000021b2      0xa87 Drivers/STM32L4xx_HAL_Driver/Src/stm32l4xx_ll_gpio.o
 .debug_info    0x0000000000002c39      0xe85 Drivers/STM32L4xx_HAL_Driver/Src/stm32l4xx_ll_rtc.o
 .debug_info    0x0000000000003abe      0xc21 Drivers/STM32L4xx_HAL_Driver/Src/stm32l4xx_ll_utils.o

.debug_abbrev   0x0000000000000000      0xb26
 .debug_abbrev  0x0000000000000000      0x2a7 Core/Src/main.o
 .debug_abbrev  0x00000000000002a7       0xb4 Core/Src/stm32l4xx_it.o
 .debug_abbrev  0x000000000000035b      0x134 Core/Src/system_stm32l4xx.o
 .debug_abbrev  0x000000000000048f       0x12 Core/Startup/startup_stm32l476rgtx.o
 .debug_abbrev  0x00000000000004a1      0x225 Drivers/STM32L4xx_HAL_Driver/Src/stm32l4xx_ll_gpio.o
 .debug_abbrev  0x00000000000006c6      0x228 Drivers/STM32L4xx_HAL_Driver/Src/stm32l4xx_ll_rtc.o
 .debug_abbrev  0x00000000000008ee      0x238 Drivers/STM32L4xx_HAL_Driver/Src/stm32l4xx_ll_utils.o

.debug_aranges  0x0000000000000000      0x5f8
 .debug_aranges
                0x0000000000000000      0x240 Core/Src/main.o
 .debug_aranges
                0x0000000000000240       0x60 Core/Src/stm32l4xx_it.o
 .debug_aranges
                0x00000000000002a0       0x28 Core/Src/system_stm32l4xx.o
 .debug_aranges
                0x00000000000002c8       0x28 Core/Startup/startup_stm32l476rgtx.o
 .debug_aranges
                0x00000000000002f0       0x70 Drivers/STM32L4xx_HAL_Driver/Src/stm32l4xx_ll_gpio.o
 .debug_aranges
                0x0000000000000360      0x160 Drivers/STM32L4xx_HAL_Driver/Src/stm32l4xx_ll_rtc.o
 .debug_aranges
                0x00000000000004c0      0x138 Drivers/STM32L4xx_HAL_Driver/Src/stm32l4xx_ll_utils.o

.debug_ranges   0x0000000000000000      0x590
 .debug_ranges  0x0000000000000000      0x230 Core/Src/main.o
 .debug_ranges  0x0000000000000230       0x50 Core/Src/stm32l4xx_it.o
 .debug_ranges  0x0000000000000280       0x18 Core/Src/system_stm32l4xx.o
 .debug_ranges  0x0000000000000298       0x20 Core/Startup/startup_stm32l476rgtx.o
 .debug_ranges  0x00000000000002b8       0x60 Drivers/STM32L4xx_HAL_Driver/Src/stm32l4xx_ll_gpio.o
 .debug_ranges  0x0000000000000318      0x150 Drivers/STM32L4xx_HAL_Driver/Src/stm32l4xx_ll_rtc.o
 .debug_ranges  0x0000000000000468      0x128 Drivers/STM32L4xx_HAL_Driver/Src/stm32l4xx_ll_utils.o

.debug_macro    0x0000000000000000    0x1ec67
 .debug_macro   0x0000000000000000      0x141 Core/Src/main.o
 .debug_macro   0x0000000000000141      0xaa8 Core/Src/main.o
 .debug_macro   0x0000000000000be9       0x2e Core/Src/main.o
 .debug_macro   0x0000000000000c17       0x28 Core/Src/main.o
 .debug_macro   0x0000000000000c3f       0x22 Core/Src/main.o
 .debug_macro   0x0000000000000c61       0x8e Core/Src/main.o
 .debug_macro   0x0000000000000cef       0x51 Core/Src/main.o
 .debug_macro   0x0000000000000d40       0xef Core/Src/main.o
 .debug_macro   0x0000000000000e2f       0x6a Core/Src/main.o
 .debug_macro   0x0000000000000e99      0x1df Core/Src/main.o
 .debug_macro   0x0000000000001078       0x1c Core/Src/main.o
 .debug_macro   0x0000000000001094       0x22 Core/Src/main.o
 .debug_macro   0x00000000000010b6      0x101 Core/Src/main.o
 .debug_macro   0x00000000000011b7     0x1011 Core/Src/main.o
 .debug_macro   0x00000000000021c8      0x11f Core/Src/main.o
 .debug_macro   0x00000000000022e7    0x1a13d Core/Src/main.o
 .debug_macro   0x000000000001c424       0x43 Core/Src/main.o
 .debug_macro   0x000000000001c467      0x716 Core/Src/main.o
 .debug_macro   0x000000000001cb7d      0x1bf Core/Src/main.o
 .debug_macro   0x000000000001cd3c      0x2f5 Core/Src/main.o
 .debug_macro   0x000000000001d031      0x164 Core/Src/main.o
 .debug_macro   0x000000000001d195      0x1a7 Core/Src/main.o
 .debug_macro   0x000000000001d33c       0xa7 Core/Src/main.o
 .debug_macro   0x000000000001d3e3      0x208 Core/Src/main.o
 .debug_macro   0x000000000001d5eb      0x2cb Core/Src/main.o
 .debug_macro   0x000000000001d8b6      0x4e5 Core/Src/main.o
 .debug_macro   0x000000000001dd9b      0x16a Core/Src/main.o
 .debug_macro   0x000000000001df05       0x46 Core/Src/main.o
 .debug_macro   0x000000000001df4b      0x14b Core/Src/stm32l4xx_it.o
 .debug_macro   0x000000000001e096       0xd4 Core/Src/system_stm32l4xx.o
 .debug_macro   0x000000000001e16a      0x110 Drivers/STM32L4xx_HAL_Driver/Src/stm32l4xx_ll_gpio.o
 .debug_macro   0x000000000001e27a      0x164 Drivers/STM32L4xx_HAL_Driver/Src/stm32l4xx_ll_gpio.o
 .debug_macro   0x000000000001e3de      0x16a Drivers/STM32L4xx_HAL_Driver/Src/stm32l4xx_ll_rtc.o
 .debug_macro   0x000000000001e548      0x4df Drivers/STM32L4xx_HAL_Driver/Src/stm32l4xx_ll_rtc.o
 .debug_macro   0x000000000001ea27      0x19f Drivers/STM32L4xx_HAL_Driver/Src/stm32l4xx_ll_utils.o
 .debug_macro   0x000000000001ebc6       0xa1 Drivers/STM32L4xx_HAL_Driver/Src/stm32l4xx_ll_utils.o

.debug_line     0x0000000000000000     0x307c
 .debug_line    0x0000000000000000      0xcc1 Core/Src/main.o
 .debug_line    0x0000000000000cc1      0x63b Core/Src/stm32l4xx_it.o
 .debug_line    0x00000000000012fc      0x496 Core/Src/system_stm32l4xx.o
 .debug_line    0x0000000000001792       0x87 Core/Startup/startup_stm32l476rgtx.o
 .debug_line    0x0000000000001819      0x6a8 Drivers/STM32L4xx_HAL_Driver/Src/stm32l4xx_ll_gpio.o
 .debug_line    0x0000000000001ec1      0x8c9 Drivers/STM32L4xx_HAL_Driver/Src/stm32l4xx_ll_rtc.o
 .debug_line    0x000000000000278a      0x8f2 Drivers/STM32L4xx_HAL_Driver/Src/stm32l4xx_ll_utils.o

.debug_str      0x0000000000000000    0xacfef
 .debug_str     0x0000000000000000    0xaad1a Core/Src/main.o
                                      0xab01f (size before relaxing)
 .debug_str     0x00000000000aad1a       0xbd Core/Src/stm32l4xx_it.o
                                      0xa9fe0 (size before relaxing)
 .debug_str     0x00000000000aadd7       0x7f Core/Src/system_stm32l4xx.o
                                      0x9e631 (size before relaxing)
 .debug_str     0x00000000000aae56       0x36 Core/Startup/startup_stm32l476rgtx.o
                                         0x81 (size before relaxing)
 .debug_str     0x00000000000aae8c      0x6aa Drivers/STM32L4xx_HAL_Driver/Src/stm32l4xx_ll_gpio.o
                                      0xa0012 (size before relaxing)
 .debug_str     0x00000000000ab536      0xcfd Drivers/STM32L4xx_HAL_Driver/Src/stm32l4xx_ll_rtc.o
                                      0xa1bdc (size before relaxing)
 .debug_str     0x00000000000ac233      0xdbc Drivers/STM32L4xx_HAL_Driver/Src/stm32l4xx_ll_utils.o
                                      0xa52f7 (size before relaxing)

.comment        0x0000000000000000       0x7b
 .comment       0x0000000000000000       0x7b Core/Src/main.o
                                         0x7c (size before relaxing)
 .comment       0x000000000000007b       0x7c Core/Src/stm32l4xx_it.o
 .comment       0x000000000000007b       0x7c Core/Src/system_stm32l4xx.o
 .comment       0x000000000000007b       0x7c Drivers/STM32L4xx_HAL_Driver/Src/stm32l4xx_ll_gpio.o
 .comment       0x000000000000007b       0x7c Drivers/STM32L4xx_HAL_Driver/Src/stm32l4xx_ll_rtc.o
 .comment       0x000000000000007b       0x7c Drivers/STM32L4xx_HAL_Driver/Src/stm32l4xx_ll_utils.o

.debug_frame    0x0000000000000000     0x1894
 .debug_frame   0x0000000000000000      0x9d8 Core/Src/main.o
 .debug_frame   0x00000000000009d8      0x110 Core/Src/stm32l4xx_it.o
 .debug_frame   0x0000000000000ae8       0x58 Core/Src/system_stm32l4xx.o
 .debug_frame   0x0000000000000b40      0x1c0 Drivers/STM32L4xx_HAL_Driver/Src/stm32l4xx_ll_gpio.o
 .debug_frame   0x0000000000000d00      0x66c Drivers/STM32L4xx_HAL_Driver/Src/stm32l4xx_ll_rtc.o
 .debug_frame   0x000000000000136c      0x4fc Drivers/STM32L4xx_HAL_Driver/Src/stm32l4xx_ll_utils.o
 .debug_frame   0x0000000000001868       0x2c c:/st/stm32cubeide_1.4.0/stm32cubeide/plugins/com.st.stm32cube.ide.mcu.externaltools.gnu-tools-for-stm32.7-2018-q2-update.win32_1.4.0.202007081208/tools/bin/../lib/gcc/arm-none-eabi/7.3.1/../../../../arm-none-eabi/lib/thumb/v7e-m/fpv4-sp/hard\libc_nano.a(lib_a-init.o)
